// Jest Snapshot v1, https://goo.gl/fbAQLP

exports[`renders Text correctly 1`] = `
<Text
  style={
    [
      {
        "color": "#000",
      },
      undefined,
    ]
  }
>
  Some Text
</Text>
`;

exports[`renders View correctly 1`] = `
<View
  style={
    [
      {
        "backgroundColor": "#FFFFFF",
      },
      undefined,
    ]
  }
/>
`;
